// Jest Snapshot v1, https://goo.gl/fbAQLP

exports[`renders MyHighlighter unchanged 1`] = `
<div>
  <pre
    class="text-xs"
    style="display: block; overflow-x: auto; background: rgb(43, 43, 43); color: rgb(248, 248, 242); padding: 0.5em;"
  >
    <code
      class="language-js"
      style="white-space: pre;"
    >
      <span
        class="comment linenumber react-syntax-highlighter-line-number"
        style="display: inline-block; min-width: 1.25em; padding-right: 1em; text-align: right; user-select: none;"
      >
        1
      </span>
      <span
        style="color: rgb(220, 198, 224);"
      >
        this
      </span>
      <span>
         
      </span>
      <span
        style="color: rgb(220, 198, 224);"
      >
        is
      </span>
      <span>
         a test
      </span>
    </code>
  </pre>
</div>
`;
